--------------------------------------------------------------------------------
Release 14.6 Trace  (nt64)
Copyright (c) 1995-2013 Xilinx, Inc.  All rights reserved.

C:\Xilinx\14.6\ISE_DS\ISE\bin\nt64\unwrapped\trce.exe -intstyle ise -v 3 -s 2
-n 3 -fastpaths -xml vga_peripheral.twx vga_peripheral.ncd -o
vga_peripheral.twr vga_peripheral.pcf

Design file:              vga_peripheral.ncd
Physical constraint file: vga_peripheral.pcf
Device,package,speed:     xc6slx45,fgg676,C,-2 (PRODUCTION 1.23 2013-06-08)
Report level:             verbose report

Environment Variable      Effect 
--------------------      ------ 
NONE                      No environment variables were set
--------------------------------------------------------------------------------

INFO:Timing:2698 - No timing constraints found, doing default enumeration.
INFO:Timing:3412 - To improve timing, see the Timing Closure User Guide (UG612).
INFO:Timing:2752 - To get complete path coverage, use the unconstrained paths 
   option. All paths that are not constrained will be reported in the 
   unconstrained paths section(s) of the report.
INFO:Timing:3339 - The clock-to-out numbers in this timing report are based on 
   a 50 Ohm transmission line loading model.  For the details of this model, 
   and for more information on accounting for different loading conditions, 
   please see the device datasheet.



Data Sheet report:
-----------------
All values displayed in nanoseconds (ns)

Setup/Hold to clock S_AXI_ACLK
-------------+------------+------------+------------+------------+------------------+--------+
             |Max Setup to|  Process   |Max Hold to |  Process   |                  | Clock  |
Source       | clk (edge) |   Corner   | clk (edge) |   Corner   |Internal Clock(s) | Phase  |
-------------+------------+------------+------------+------------+------------------+--------+
S_AXI_ARESETN|    0.367(R)|      SLOW  |    0.619(R)|      SLOW  |S_AXI_ACLK_BUFGP  |   0.000|
S_AXI_ARVALID|    0.982(R)|      SLOW  |    0.364(R)|      SLOW  |S_AXI_ACLK_BUFGP  |   0.000|
S_AXI_AWVALID|    0.822(R)|      SLOW  |    0.337(R)|      SLOW  |S_AXI_ACLK_BUFGP  |   0.000|
S_AXI_BREADY |    0.634(R)|      SLOW  |    0.800(R)|      SLOW  |S_AXI_ACLK_BUFGP  |   0.000|
S_AXI_RREADY |    1.553(R)|      SLOW  |    0.057(R)|      SLOW  |S_AXI_ACLK_BUFGP  |   0.000|
S_AXI_WVALID |    0.436(R)|      SLOW  |    0.696(R)|      SLOW  |S_AXI_ACLK_BUFGP  |   0.000|
-------------+------------+------------+------------+------------+------------------+--------+

Clock S_AXI_ACLK to Pad
-------------+-----------------+------------+-----------------+------------+------------------+--------+
             |Max (slowest) clk|  Process   |Min (fastest) clk|  Process   |                  | Clock  |
Destination  |  (edge) to PAD  |   Corner   |  (edge) to PAD  |   Corner   |Internal Clock(s) | Phase  |
-------------+-----------------+------------+-----------------+------------+------------------+--------+
S_AXI_ARREADY|         9.925(R)|      SLOW  |         4.249(R)|      FAST  |S_AXI_ACLK_BUFGP  |   0.000|
S_AXI_AWREADY|         9.553(R)|      SLOW  |         3.975(R)|      FAST  |S_AXI_ACLK_BUFGP  |   0.000|
S_AXI_BVALID |         9.784(R)|      SLOW  |         4.170(R)|      FAST  |S_AXI_ACLK_BUFGP  |   0.000|
S_AXI_RVALID |         9.518(R)|      SLOW  |         4.058(R)|      FAST  |S_AXI_ACLK_BUFGP  |   0.000|
S_AXI_WREADY |         9.734(R)|      SLOW  |         4.119(R)|      FAST  |S_AXI_ACLK_BUFGP  |   0.000|
-------------+-----------------+------------+-----------------+------------+------------------+--------+

Clock to Setup on destination clock S_AXI_ACLK
---------------+---------+---------+---------+---------+
               | Src:Rise| Src:Fall| Src:Rise| Src:Fall|
Source Clock   |Dest:Rise|Dest:Rise|Dest:Fall|Dest:Fall|
---------------+---------+---------+---------+---------+
S_AXI_ACLK     |    2.236|         |         |         |
---------------+---------+---------+---------+---------+


Analysis completed Tue Apr 04 08:24:07 2017 
--------------------------------------------------------------------------------

Trace Settings:
-------------------------
Trace Settings 

Peak Memory Usage: 261 MB



